TpTrace Verbose: 0 : 2848, 1, 2025/05/26, 06:57:42.674, 58805303173, vstest.console.dll, Version: 17.13.0-release-25073-05 Current process architecture: X64
TpTrace Verbose: 0 : 2848, 1, 2025/05/26, 06:57:42.677, 58805326165, vstest.console.dll, Runtime location: C:\Program Files\dotnet\shared\Microsoft.NETCore.App\9.0.5
TpTrace Information: 0 : 2848, 1, 2025/05/26, 06:57:42.679, 58805354449, vstest.console.dll, Using .Net Framework version:.NETCoreApp,Version=v8.0
TpTrace Verbose: 0 : 2848, 1, 2025/05/26, 06:57:42.679, 58805355604, vstest.console.dll, ArtifactProcessingPostProcessModeProcessorExecutor.Initialize: ArtifactProcessingMode.Collect
TpTrace Verbose: 0 : 2848, 1, 2025/05/26, 06:57:42.680, 58805362954, vstest.console.dll, TestSessionCorrelationIdProcessorModeProcessorExecutor.Initialize: TestSessionCorrelationId '5164_8bc0f88c-216c-453c-839f-ada940d00d4f'
TpTrace Information: 0 : 2848, 1, 2025/05/26, 06:57:42.684, 58805402605, vstest.console.dll, FilePatternParser: The given file C:\Users\steve.mckitrick\Desktop\BusBus\BusBus.Tests\bin\Debug\net8.0-windows\BusBus.Tests.dll is a full path.
TpTrace Verbose: 0 : 2848, 1, 2025/05/26, 06:57:42.690, 58805457733, vstest.console.dll, TestPluginCache.DiscoverTestExtensions: finding test extensions in assemblies ends with: RuntimeProvider.dll TPluginInfo: Microsoft.VisualStudio.TestPlatform.Common.ExtensionFramework.Utilities.TestRuntimePluginInformation TExtension: Microsoft.VisualStudio.TestPlatform.ObjectModel.Host.ITestRuntimeProvider
TpTrace Verbose: 0 : 2848, 1, 2025/05/26, 06:57:42.690, 58805460832, vstest.console.dll, TestPluginCache.GetExtensionPaths: Filtered extension paths: 
TpTrace Verbose: 0 : 2848, 1, 2025/05/26, 06:57:42.690, 58805461549, vstest.console.dll, TestPluginCache.GetExtensionPaths: Added default extension paths: C:\Program Files\dotnet\sdk\9.0.204\Extensions\Microsoft.Diagnostics.NETCore.Client.dll
C:\Program Files\dotnet\sdk\9.0.204\Extensions\Microsoft.TestPlatform.Extensions.BlameDataCollector.dll
C:\Program Files\dotnet\sdk\9.0.204\Extensions\Microsoft.TestPlatform.Extensions.EventLogCollector.dll
C:\Program Files\dotnet\sdk\9.0.204\Extensions\Microsoft.TestPlatform.TestHostRuntimeProvider.dll
C:\Program Files\dotnet\sdk\9.0.204\Extensions\Microsoft.VisualStudio.TestPlatform.Extensions.Html.TestLogger.dll
C:\Program Files\dotnet\sdk\9.0.204\Extensions\Microsoft.VisualStudio.TestPlatform.Extensions.Trx.TestLogger.dll
TpTrace Verbose: 0 : 2848, 1, 2025/05/26, 06:57:42.690, 58805461861, vstest.console.dll, TestPluginCache.GetExtensionPaths: Added unfilterableExtensionPaths: 
TpTrace Information: 0 : 2848, 1, 2025/05/26, 06:57:42.691, 58805466052, vstest.console.dll, AssemblyResolver.ctor: Creating AssemblyResolver with searchDirectories C:\Program Files\dotnet\sdk\9.0.204\Extensions,C:\Program Files\dotnet\sdk\9.0.204
TpTrace Verbose: 0 : 2848, 1, 2025/05/26, 06:57:42.692, 58805482062, vstest.console.dll, TestPluginCache.DiscoverTestExtensions: Discovering the extensions using extension path.
TpTrace Verbose: 0 : 2848, 1, 2025/05/26, 06:57:42.692, 58805482916, vstest.console.dll, TestPluginCache.GetExtensionPaths: Filtered extension paths: 
TpTrace Verbose: 0 : 2848, 1, 2025/05/26, 06:57:42.692, 58805483319, vstest.console.dll, TestPluginCache.GetExtensionPaths: Added default extension paths: C:\Program Files\dotnet\sdk\9.0.204\Extensions\Microsoft.Diagnostics.NETCore.Client.dll
C:\Program Files\dotnet\sdk\9.0.204\Extensions\Microsoft.TestPlatform.Extensions.BlameDataCollector.dll
C:\Program Files\dotnet\sdk\9.0.204\Extensions\Microsoft.TestPlatform.Extensions.EventLogCollector.dll
C:\Program Files\dotnet\sdk\9.0.204\Extensions\Microsoft.TestPlatform.TestHostRuntimeProvider.dll
C:\Program Files\dotnet\sdk\9.0.204\Extensions\Microsoft.VisualStudio.TestPlatform.Extensions.Html.TestLogger.dll
C:\Program Files\dotnet\sdk\9.0.204\Extensions\Microsoft.VisualStudio.TestPlatform.Extensions.Trx.TestLogger.dll
TpTrace Verbose: 0 : 2848, 1, 2025/05/26, 06:57:42.692, 58805483572, vstest.console.dll, TestPluginCache.GetExtensionPaths: Added unfilterableExtensionPaths: 
TpTrace Verbose: 0 : 2848, 1, 2025/05/26, 06:57:42.692, 58805484404, vstest.console.dll, TestPluginCache.DiscoverTestExtensions: Discovering the extensions using allExtensionPaths: C:\Program Files\dotnet\sdk\9.0.204\Extensions\Microsoft.Diagnostics.NETCore.Client.dll
C:\Program Files\dotnet\sdk\9.0.204\Extensions\Microsoft.TestPlatform.Extensions.BlameDataCollector.dll
C:\Program Files\dotnet\sdk\9.0.204\Extensions\Microsoft.TestPlatform.Extensions.EventLogCollector.dll
C:\Program Files\dotnet\sdk\9.0.204\Extensions\Microsoft.TestPlatform.TestHostRuntimeProvider.dll
C:\Program Files\dotnet\sdk\9.0.204\Extensions\Microsoft.VisualStudio.TestPlatform.Extensions.Html.TestLogger.dll
C:\Program Files\dotnet\sdk\9.0.204\Extensions\Microsoft.VisualStudio.TestPlatform.Extensions.Trx.TestLogger.dll
TpTrace Information: 0 : 2848, 1, 2025/05/26, 06:57:42.692, 58805485168, vstest.console.dll, AssemblyResolver.AddSearchDirectories: Adding more searchDirectories C:\Program Files\dotnet\sdk\9.0.204\Extensions,C:\Program Files\dotnet\sdk\9.0.204
TpTrace Information: 0 : 2848, 1, 2025/05/26, 06:57:42.692, 58805485532, vstest.console.dll, AssemblyResolver.AddSearchDirectories: Adding more searchDirectories C:\Program Files\dotnet\sdk\9.0.204\Extensions,C:\Program Files\dotnet\sdk\9.0.204
TpTrace Information: 0 : 2848, 1, 2025/05/26, 06:57:42.693, 58805485843, vstest.console.dll, AssemblyResolver.AddSearchDirectories: Adding more searchDirectories C:\Program Files\dotnet\sdk\9.0.204\Extensions,C:\Program Files\dotnet\sdk\9.0.204
TpTrace Information: 0 : 2848, 1, 2025/05/26, 06:57:42.693, 58805486073, vstest.console.dll, AssemblyResolver.AddSearchDirectories: Adding more searchDirectories C:\Program Files\dotnet\sdk\9.0.204\Extensions,C:\Program Files\dotnet\sdk\9.0.204
TpTrace Information: 0 : 2848, 1, 2025/05/26, 06:57:42.693, 58805486288, vstest.console.dll, AssemblyResolver.AddSearchDirectories: Adding more searchDirectories C:\Program Files\dotnet\sdk\9.0.204\Extensions,C:\Program Files\dotnet\sdk\9.0.204
TpTrace Information: 0 : 2848, 1, 2025/05/26, 06:57:42.693, 58805486496, vstest.console.dll, AssemblyResolver.AddSearchDirectories: Adding more searchDirectories C:\Program Files\dotnet\sdk\9.0.204\Extensions,C:\Program Files\dotnet\sdk\9.0.204
TpTrace Information: 0 : 2848, 1, 2025/05/26, 06:57:42.693, 58805490338, vstest.console.dll, AssemblyResolver.OnResolve: Microsoft.Diagnostics.NETCore.Client: Resolving assembly.
TpTrace Information: 0 : 2848, 1, 2025/05/26, 06:57:42.693, 58805490953, vstest.console.dll, AssemblyResolver.OnResolve: Microsoft.Diagnostics.NETCore.Client: Searching in: 'C:\Program Files\dotnet\sdk\9.0.204\Extensions'.
TpTrace Information: 0 : 2848, 1, 2025/05/26, 06:57:42.707, 58805628129, vstest.console.dll, AssemblyResolver.OnResolve: Microsoft.Diagnostics.NETCore.Client: Loading assembly 'C:\Program Files\dotnet\sdk\9.0.204\Extensions\Microsoft.Diagnostics.NETCore.Client.dll'.
TpTrace Information: 0 : 2848, 1, 2025/05/26, 06:57:42.708, 58805636155, vstest.console.dll, AssemblyResolver.OnResolve: Resolved assembly: Microsoft.Diagnostics.NETCore.Client, from path: C:\Program Files\dotnet\sdk\9.0.204\Extensions\Microsoft.Diagnostics.NETCore.Client.dll
TpTrace Verbose: 0 : 2848, 1, 2025/05/26, 06:57:42.708, 58805643872, vstest.console.dll, MetadataReaderExtensionsHelper: Discovering extensions inside assembly 'Microsoft.Diagnostics.NETCore.Client, Version=0.2.11.6601, Culture=neutral, PublicKeyToken=31bf3856ad364e35' file path 'C:\Program Files\dotnet\sdk\9.0.204\Extensions\Microsoft.Diagnostics.NETCore.Client.dll'
TpTrace Information: 0 : 2848, 1, 2025/05/26, 06:57:42.713, 58805686093, vstest.console.dll, AssemblyResolver.OnResolve: Microsoft.Bcl.AsyncInterfaces: Resolving assembly.
TpTrace Information: 0 : 2848, 1, 2025/05/26, 06:57:42.713, 58805687046, vstest.console.dll, AssemblyResolver.OnResolve: Microsoft.Bcl.AsyncInterfaces: Searching in: 'C:\Program Files\dotnet\sdk\9.0.204\Extensions'.
TpTrace Information: 0 : 2848, 1, 2025/05/26, 06:57:42.713, 58805687677, vstest.console.dll, AssemblyResolver.OnResolve: Microsoft.Bcl.AsyncInterfaces: Assembly path does not exist: 'C:\Program Files\dotnet\sdk\9.0.204\Extensions\Microsoft.Bcl.AsyncInterfaces.dll', returning.
TpTrace Information: 0 : 2848, 1, 2025/05/26, 06:57:42.713, 58805688541, vstest.console.dll, AssemblyResolver.OnResolve: Microsoft.Bcl.AsyncInterfaces: Assembly path does not exist: 'C:\Program Files\dotnet\sdk\9.0.204\Extensions\Microsoft.Bcl.AsyncInterfaces.exe', returning.
TpTrace Information: 0 : 2848, 1, 2025/05/26, 06:57:42.713, 58805688916, vstest.console.dll, AssemblyResolver.OnResolve: Microsoft.Bcl.AsyncInterfaces: Searching in: 'C:\Program Files\dotnet\sdk\9.0.204'.
TpTrace Information: 0 : 2848, 1, 2025/05/26, 06:57:42.713, 58805689346, vstest.console.dll, AssemblyResolver.OnResolve: Microsoft.Bcl.AsyncInterfaces: Assembly path does not exist: 'C:\Program Files\dotnet\sdk\9.0.204\Microsoft.Bcl.AsyncInterfaces.dll', returning.
TpTrace Information: 0 : 2848, 1, 2025/05/26, 06:57:42.713, 58805689739, vstest.console.dll, AssemblyResolver.OnResolve: Microsoft.Bcl.AsyncInterfaces: Assembly path does not exist: 'C:\Program Files\dotnet\sdk\9.0.204\Microsoft.Bcl.AsyncInterfaces.exe', returning.
TpTrace Information: 0 : 2848, 1, 2025/05/26, 06:57:42.713, 58805689978, vstest.console.dll, AssemblyResolver.OnResolve: Microsoft.Bcl.AsyncInterfaces: Failed to load assembly.
TpTrace Verbose: 0 : 2848, 1, 2025/05/26, 06:57:42.713, 58805690318, vstest.console.dll, CurrentDomainAssemblyResolve: Resolving assembly 'Microsoft.Bcl.AsyncInterfaces'.
TpTrace Information: 0 : 2848, 1, 2025/05/26, 06:57:42.713, 58805690784, vstest.console.dll, AssemblyResolver.OnResolve: Microsoft.Bcl.AsyncInterfaces: Resolving assembly.
TpTrace Information: 0 : 2848, 1, 2025/05/26, 06:57:42.713, 58805691080, vstest.console.dll, AssemblyResolver.OnResolve: Microsoft.Bcl.AsyncInterfaces: Resolved from cache.
TpTrace Verbose: 0 : 2848, 1, 2025/05/26, 06:57:42.713, 58805691288, vstest.console.dll, CurrentDomainAssemblyResolve: Resolving assembly 'Microsoft.Bcl.AsyncInterfaces'.
TpTrace Verbose: 0 : 2848, 1, 2025/05/26, 06:57:42.713, 58805691543, vstest.console.dll, CurrentDomainAssemblyResolve: Failed to resolve assembly 'Microsoft.Bcl.AsyncInterfaces'.
TpTrace Verbose: 0 : 2848, 1, 2025/05/26, 06:57:42.714, 58805700113, vstest.console.dll, CurrentDomainAssemblyResolve: Failed to resolve assembly 'Microsoft.Bcl.AsyncInterfaces'.
TpTrace Warning: 0 : 2848, 1, 2025/05/26, 06:57:42.723, 58805789979, vstest.console.dll, TestPluginDiscoverer: Failed to get types from assembly 'Microsoft.Diagnostics.NETCore.Client, Version=0.2.11.6601, Culture=neutral, PublicKeyToken=31bf3856ad364e35'. Error: System.Reflection.ReflectionTypeLoadException: Unable to load one or more of the requested types.
Could not load file or assembly 'Microsoft.Bcl.AsyncInterfaces, Version=6.0.0.0, Culture=neutral, PublicKeyToken=cc7b13ffcd2ddd51'. The system cannot find the file specified.
   at System.Reflection.RuntimeModule.GetDefinedTypes()
   at System.Reflection.RuntimeModule.GetTypes()
   at Microsoft.VisualStudio.TestPlatform.Common.ExtensionFramework.TestPluginDiscoverer.GetTestExtensionsFromAssembly[TPluginInfo,TExtension](Assembly assembly, Dictionary`2 pluginInfos, String filePath) in /_/src/Microsoft.TestPlatform.Common/ExtensionFramework/TestPluginDiscoverer.cs:line 159
System.IO.FileNotFoundException: Could not load file or assembly 'Microsoft.Bcl.AsyncInterfaces, Version=6.0.0.0, Culture=neutral, PublicKeyToken=cc7b13ffcd2ddd51'. The system cannot find the file specified.
File name: 'Microsoft.Bcl.AsyncInterfaces, Version=6.0.0.0, Culture=neutral, PublicKeyToken=cc7b13ffcd2ddd51'
 ---> System.IO.FileNotFoundException: Could not load file or assembly 'Microsoft.Bcl.AsyncInterfaces, Culture=neutral, PublicKeyToken=null'. The system cannot find the file specified.
File name: 'Microsoft.Bcl.AsyncInterfaces, Culture=neutral, PublicKeyToken=null'
   at System.Reflection.RuntimeAssembly.InternalLoad(AssemblyName assemblyName, StackCrawlMark& stackMark, AssemblyLoadContext assemblyLoadContext, RuntimeAssembly requestingAssembly, Boolean throwOnFileNotFound)
   at System.Reflection.Assembly.Load(AssemblyName assemblyRef)
   at Microsoft.VisualStudio.TestPlatform.Common.ExtensionFramework.TestPluginCache.CurrentDomainAssemblyResolve(Object sender, AssemblyResolveEventArgs args) in /_/src/Microsoft.TestPlatform.Common/ExtensionFramework/TestPluginCache.cs:line 514
   at System.Runtime.Loader.AssemblyLoadContext.GetFirstResolvedAssemblyFromResolvingEvent(AssemblyName assemblyName)
   at System.Runtime.Loader.AssemblyLoadContext.ResolveUsingEvent(AssemblyName assemblyName)
   at System.Runtime.Loader.AssemblyLoadContext.ResolveUsingResolvingEvent(IntPtr gchManagedAssemblyLoadContext, AssemblyName assemblyName)
TpTrace Warning: 0 : 2848, 1, 2025/05/26, 06:57:42.723, 58805792481, vstest.console.dll, LoaderExceptions: System.IO.FileNotFoundException: Could not load file or assembly 'Microsoft.Bcl.AsyncInterfaces, Version=6.0.0.0, Culture=neutral, PublicKeyToken=cc7b13ffcd2ddd51'. The system cannot find the file specified.
File name: 'Microsoft.Bcl.AsyncInterfaces, Version=6.0.0.0, Culture=neutral, PublicKeyToken=cc7b13ffcd2ddd51'
 ---> System.IO.FileNotFoundException: Could not load file or assembly 'Microsoft.Bcl.AsyncInterfaces, Culture=neutral, PublicKeyToken=null'. The system cannot find the file specified.
File name: 'Microsoft.Bcl.AsyncInterfaces, Culture=neutral, PublicKeyToken=null'
   at System.Reflection.RuntimeAssembly.InternalLoad(AssemblyName assemblyName, StackCrawlMark& stackMark, AssemblyLoadContext assemblyLoadContext, RuntimeAssembly requestingAssembly, Boolean throwOnFileNotFound)
   at System.Reflection.Assembly.Load(AssemblyName assemblyRef)
   at Microsoft.VisualStudio.TestPlatform.Common.ExtensionFramework.TestPluginCache.CurrentDomainAssemblyResolve(Object sender, AssemblyResolveEventArgs args) in /_/src/Microsoft.TestPlatform.Common/ExtensionFramework/TestPluginCache.cs:line 514
   at System.Runtime.Loader.AssemblyLoadContext.GetFirstResolvedAssemblyFromResolvingEvent(AssemblyName assemblyName)
   at System.Runtime.Loader.AssemblyLoadContext.ResolveUsingEvent(AssemblyName assemblyName)
   at System.Runtime.Loader.AssemblyLoadContext.ResolveUsingResolvingEvent(IntPtr gchManagedAssemblyLoadContext, AssemblyName assemblyName)
TpTrace Information: 0 : 2848, 1, 2025/05/26, 06:57:42.723, 58805793575, vstest.console.dll, AssemblyResolver.OnResolve: Microsoft.TestPlatform.Extensions.BlameDataCollector: Resolving assembly.
TpTrace Information: 0 : 2848, 1, 2025/05/26, 06:57:42.723, 58805793933, vstest.console.dll, AssemblyResolver.OnResolve: Microsoft.TestPlatform.Extensions.BlameDataCollector: Searching in: 'C:\Program Files\dotnet\sdk\9.0.204\Extensions'.
TpTrace Information: 0 : 2848, 1, 2025/05/26, 06:57:42.724, 58805798819, vstest.console.dll, AssemblyResolver.OnResolve: Microsoft.TestPlatform.Extensions.BlameDataCollector: Loading assembly 'C:\Program Files\dotnet\sdk\9.0.204\Extensions\Microsoft.TestPlatform.Extensions.BlameDataCollector.dll'.
TpTrace Information: 0 : 2848, 1, 2025/05/26, 06:57:42.724, 58805805461, vstest.console.dll, AssemblyResolver.OnResolve: Resolved assembly: Microsoft.TestPlatform.Extensions.BlameDataCollector, from path: C:\Program Files\dotnet\sdk\9.0.204\Extensions\Microsoft.TestPlatform.Extensions.BlameDataCollector.dll
TpTrace Verbose: 0 : 2848, 1, 2025/05/26, 06:57:42.725, 58805806145, vstest.console.dll, MetadataReaderExtensionsHelper: Discovering extensions inside assembly 'Microsoft.TestPlatform.Extensions.BlameDataCollector, Version=15.0.0.0, Culture=neutral, PublicKeyToken=b03f5f7f11d50a3a' file path 'C:\Program Files\dotnet\sdk\9.0.204\Extensions\Microsoft.TestPlatform.Extensions.BlameDataCollector.dll'
TpTrace Information: 0 : 2848, 1, 2025/05/26, 06:57:42.726, 58805817046, vstest.console.dll, AssemblyResolver.OnResolve: Microsoft.TestPlatform.Extensions.EventLogCollector: Resolving assembly.
TpTrace Information: 0 : 2848, 1, 2025/05/26, 06:57:42.726, 58805817507, vstest.console.dll, AssemblyResolver.OnResolve: Microsoft.TestPlatform.Extensions.EventLogCollector: Searching in: 'C:\Program Files\dotnet\sdk\9.0.204\Extensions'.
TpTrace Information: 0 : 2848, 1, 2025/05/26, 06:57:42.726, 58805824522, vstest.console.dll, AssemblyResolver.OnResolve: Microsoft.TestPlatform.Extensions.EventLogCollector: Loading assembly 'C:\Program Files\dotnet\sdk\9.0.204\Extensions\Microsoft.TestPlatform.Extensions.EventLogCollector.dll'.
TpTrace Information: 0 : 2848, 1, 2025/05/26, 06:57:42.727, 58805832260, vstest.console.dll, AssemblyResolver.OnResolve: Resolved assembly: Microsoft.TestPlatform.Extensions.EventLogCollector, from path: C:\Program Files\dotnet\sdk\9.0.204\Extensions\Microsoft.TestPlatform.Extensions.EventLogCollector.dll
TpTrace Verbose: 0 : 2848, 1, 2025/05/26, 06:57:42.727, 58805832905, vstest.console.dll, MetadataReaderExtensionsHelper: Discovering extensions inside assembly 'Microsoft.TestPlatform.Extensions.EventLogCollector, Version=15.0.0.0, Culture=neutral, PublicKeyToken=b03f5f7f11d50a3a' file path 'C:\Program Files\dotnet\sdk\9.0.204\Extensions\Microsoft.TestPlatform.Extensions.EventLogCollector.dll'
TpTrace Information: 0 : 2848, 1, 2025/05/26, 06:57:42.730, 58805865525, vstest.console.dll, AssemblyResolver.OnResolve: Microsoft.TestPlatform.TestHostRuntimeProvider: Resolving assembly.
TpTrace Information: 0 : 2848, 1, 2025/05/26, 06:57:42.731, 58805866406, vstest.console.dll, AssemblyResolver.OnResolve: Microsoft.TestPlatform.TestHostRuntimeProvider: Searching in: 'C:\Program Files\dotnet\sdk\9.0.204\Extensions'.
TpTrace Information: 0 : 2848, 1, 2025/05/26, 06:57:42.731, 58805871575, vstest.console.dll, AssemblyResolver.OnResolve: Microsoft.TestPlatform.TestHostRuntimeProvider: Loading assembly 'C:\Program Files\dotnet\sdk\9.0.204\Extensions\Microsoft.TestPlatform.TestHostRuntimeProvider.dll'.
TpTrace Information: 0 : 2848, 1, 2025/05/26, 06:57:42.732, 58805878700, vstest.console.dll, AssemblyResolver.OnResolve: Resolved assembly: Microsoft.TestPlatform.TestHostRuntimeProvider, from path: C:\Program Files\dotnet\sdk\9.0.204\Extensions\Microsoft.TestPlatform.TestHostRuntimeProvider.dll
TpTrace Verbose: 0 : 2848, 1, 2025/05/26, 06:57:42.732, 58805879279, vstest.console.dll, MetadataReaderExtensionsHelper: Discovering extensions inside assembly 'Microsoft.TestPlatform.TestHostRuntimeProvider, Version=15.0.0.0, Culture=neutral, PublicKeyToken=b03f5f7f11d50a3a' file path 'C:\Program Files\dotnet\sdk\9.0.204\Extensions\Microsoft.TestPlatform.TestHostRuntimeProvider.dll'
TpTrace Information: 0 : 2848, 1, 2025/05/26, 06:57:42.733, 58805892245, vstest.console.dll, GetTestExtensionFromType: Register extension with identifier data 'HostProvider://DefaultTestHost' and type 'Microsoft.VisualStudio.TestPlatform.CrossPlatEngine.Hosting.DefaultTestHostManager, Microsoft.TestPlatform.TestHostRuntimeProvider, Version=15.0.0.0, Culture=neutral, PublicKeyToken=b03f5f7f11d50a3a' inside file 'C:\Program Files\dotnet\sdk\9.0.204\Extensions\Microsoft.TestPlatform.TestHostRuntimeProvider.dll'
TpTrace Information: 0 : 2848, 1, 2025/05/26, 06:57:42.733, 58805894066, vstest.console.dll, GetTestExtensionFromType: Register extension with identifier data 'HostProvider://DotnetTestHost' and type 'Microsoft.VisualStudio.TestPlatform.CrossPlatEngine.Hosting.DotnetTestHostManager, Microsoft.TestPlatform.TestHostRuntimeProvider, Version=15.0.0.0, Culture=neutral, PublicKeyToken=b03f5f7f11d50a3a' inside file 'C:\Program Files\dotnet\sdk\9.0.204\Extensions\Microsoft.TestPlatform.TestHostRuntimeProvider.dll'
TpTrace Information: 0 : 2848, 1, 2025/05/26, 06:57:42.733, 58805894664, vstest.console.dll, AssemblyResolver.OnResolve: Microsoft.VisualStudio.TestPlatform.Extensions.Html.TestLogger: Resolving assembly.
TpTrace Information: 0 : 2848, 1, 2025/05/26, 06:57:42.733, 58805895035, vstest.console.dll, AssemblyResolver.OnResolve: Microsoft.VisualStudio.TestPlatform.Extensions.Html.TestLogger: Searching in: 'C:\Program Files\dotnet\sdk\9.0.204\Extensions'.
TpTrace Information: 0 : 2848, 1, 2025/05/26, 06:57:42.734, 58805899725, vstest.console.dll, AssemblyResolver.OnResolve: Microsoft.VisualStudio.TestPlatform.Extensions.Html.TestLogger: Loading assembly 'C:\Program Files\dotnet\sdk\9.0.204\Extensions\Microsoft.VisualStudio.TestPlatform.Extensions.Html.TestLogger.dll'.
TpTrace Information: 0 : 2848, 1, 2025/05/26, 06:57:42.735, 58805906389, vstest.console.dll, AssemblyResolver.OnResolve: Resolved assembly: Microsoft.VisualStudio.TestPlatform.Extensions.Html.TestLogger, from path: C:\Program Files\dotnet\sdk\9.0.204\Extensions\Microsoft.VisualStudio.TestPlatform.Extensions.Html.TestLogger.dll
TpTrace Verbose: 0 : 2848, 1, 2025/05/26, 06:57:42.735, 58805906943, vstest.console.dll, MetadataReaderExtensionsHelper: Discovering extensions inside assembly 'Microsoft.VisualStudio.TestPlatform.Extensions.Html.TestLogger, Version=15.0.0.0, Culture=neutral, PublicKeyToken=b03f5f7f11d50a3a' file path 'C:\Program Files\dotnet\sdk\9.0.204\Extensions\Microsoft.VisualStudio.TestPlatform.Extensions.Html.TestLogger.dll'
TpTrace Information: 0 : 2848, 1, 2025/05/26, 06:57:42.735, 58805913631, vstest.console.dll, AssemblyResolver.OnResolve: Microsoft.VisualStudio.TestPlatform.Extensions.Trx.TestLogger: Resolving assembly.
TpTrace Information: 0 : 2848, 1, 2025/05/26, 06:57:42.735, 58805914078, vstest.console.dll, AssemblyResolver.OnResolve: Microsoft.VisualStudio.TestPlatform.Extensions.Trx.TestLogger: Searching in: 'C:\Program Files\dotnet\sdk\9.0.204\Extensions'.
TpTrace Information: 0 : 2848, 1, 2025/05/26, 06:57:42.736, 58805918178, vstest.console.dll, AssemblyResolver.OnResolve: Microsoft.VisualStudio.TestPlatform.Extensions.Trx.TestLogger: Loading assembly 'C:\Program Files\dotnet\sdk\9.0.204\Extensions\Microsoft.VisualStudio.TestPlatform.Extensions.Trx.TestLogger.dll'.
TpTrace Information: 0 : 2848, 1, 2025/05/26, 06:57:42.736, 58805924193, vstest.console.dll, AssemblyResolver.OnResolve: Resolved assembly: Microsoft.VisualStudio.TestPlatform.Extensions.Trx.TestLogger, from path: C:\Program Files\dotnet\sdk\9.0.204\Extensions\Microsoft.VisualStudio.TestPlatform.Extensions.Trx.TestLogger.dll
TpTrace Verbose: 0 : 2848, 1, 2025/05/26, 06:57:42.736, 58805924706, vstest.console.dll, MetadataReaderExtensionsHelper: Discovering extensions inside assembly 'Microsoft.VisualStudio.TestPlatform.Extensions.Trx.TestLogger, Version=15.0.0.0, Culture=neutral, PublicKeyToken=b03f5f7f11d50a3a' file path 'C:\Program Files\dotnet\sdk\9.0.204\Extensions\Microsoft.VisualStudio.TestPlatform.Extensions.Trx.TestLogger.dll'
TpTrace Verbose: 0 : 2848, 1, 2025/05/26, 06:57:42.737, 58805933397, vstest.console.dll, TestPluginCache: Discovered the extensions using extension path ''.
TpTrace Verbose: 0 : 2848, 1, 2025/05/26, 06:57:42.737, 58805933893, vstest.console.dll, TestPluginCache: Discoverers are ''.
TpTrace Verbose: 0 : 2848, 1, 2025/05/26, 06:57:42.737, 58805934116, vstest.console.dll, TestPluginCache: Executors are ''.
TpTrace Verbose: 0 : 2848, 1, 2025/05/26, 06:57:42.737, 58805934317, vstest.console.dll, TestPluginCache: Executors2 are ''.
TpTrace Verbose: 0 : 2848, 1, 2025/05/26, 06:57:42.737, 58805934499, vstest.console.dll, TestPluginCache: Setting providers are ''.
TpTrace Verbose: 0 : 2848, 1, 2025/05/26, 06:57:42.737, 58805934682, vstest.console.dll, TestPluginCache: Loggers are ''.
TpTrace Verbose: 0 : 2848, 1, 2025/05/26, 06:57:42.738, 58805935995, vstest.console.dll, TestPluginCache: TestHosts are 'HostProvider://DefaultTestHost,HostProvider://DotnetTestHost'.
TpTrace Verbose: 0 : 2848, 1, 2025/05/26, 06:57:42.738, 58805936328, vstest.console.dll, TestPluginCache: DataCollectors are ''.
TpTrace Information: 0 : 2848, 1, 2025/05/26, 06:57:42.750, 58806057246, vstest.console.dll, RunTestsArgumentProcessor:Execute: Test run is starting.
TpTrace Verbose: 0 : 2848, 1, 2025/05/26, 06:57:42.750, 58806058092, vstest.console.dll, RunTestsArgumentProcessor:Execute: Queuing Test run.
TpTrace Information: 0 : 2848, 1, 2025/05/26, 06:57:42.750, 58806059769, vstest.console.dll, TestRequestManager.RunTests: run tests started.
TpTrace Information: 0 : 2848, 1, 2025/05/26, 06:57:42.751, 58806073590, vstest.console.dll, AssemblyMetadataProvider.GetFrameworkName: Determined framework:'.NETCoreApp,Version=v8.0' for source: 'C:\Users\steve.mckitrick\Desktop\BusBus\BusBus.Tests\bin\Debug\net8.0-windows\BusBus.Tests.dll'
TpTrace Information: 0 : 2848, 1, 2025/05/26, 06:57:42.751, 58806074942, vstest.console.dll, Determined framework for all sources: .NETCoreApp,Version=v8.0
TpTrace Verbose: 0 : 2848, 1, 2025/05/26, 06:57:42.752, 58806076808, vstest.console.dll, TestRequestManager.UpdateRunSettingsIfRequired: Default architecture: X64 IsDefaultTargetArchitecture: True, Current process architecture: X64 OperatingSystem: Windows.
TpTrace Information: 0 : 2848, 1, 2025/05/26, 06:57:42.753, 58806093399, vstest.console.dll, AssemblyMetadataProvider.GetArchitecture: Determined architecture:AnyCPU info for assembly: C:\Users\steve.mckitrick\Desktop\BusBus\BusBus.Tests\bin\Debug\net8.0-windows\BusBus.Tests.dll
TpTrace Information: 0 : 2848, 1, 2025/05/26, 06:57:42.753, 58806093813, vstest.console.dll, Determined platform for source 'C:\Users\steve.mckitrick\Desktop\BusBus\BusBus.Tests\bin\Debug\net8.0-windows\BusBus.Tests.dll' was AnyCPU and it will use the default plaform X64.
TpTrace Information: 0 : 2848, 1, 2025/05/26, 06:57:42.753, 58806094040, vstest.console.dll, None of the sources provided any runnable platform, using the default platform: X64
TpTrace Information: 0 : 2848, 1, 2025/05/26, 06:57:42.753, 58806095162, vstest.console.dll, Platform was updated to 'X64'.
TpTrace Information: 0 : 2848, 1, 2025/05/26, 06:57:42.755, 58806107054, vstest.console.dll, Compatible sources list: 
TpTrace Information: 0 : 2848, 1, 2025/05/26, 06:57:42.755, 58806107540, vstest.console.dll, C:\Users\steve.mckitrick\Desktop\BusBus\BusBus.Tests\bin\Debug\net8.0-windows\BusBus.Tests.dll
TpTrace Information: 0 : 2848, 1, 2025/05/26, 06:57:42.757, 58806126613, vstest.console.dll, InferRunSettingsHelper.IsTestSettingsEnabled: Unable to navigate to RunSettings/MSTest. Current node: RunSettings
TpTrace Information: 0 : 2848, 1, 2025/05/26, 06:57:42.757, 58806131716, vstest.console.dll, AssemblyResolver.OnResolve: Microsoft.VisualStudio.TestPlatform.Fakes: Resolving assembly.
TpTrace Information: 0 : 2848, 1, 2025/05/26, 06:57:42.757, 58806132208, vstest.console.dll, AssemblyResolver.OnResolve: Microsoft.VisualStudio.TestPlatform.Fakes: Searching in: 'C:\Program Files\dotnet\sdk\9.0.204\Extensions'.
TpTrace Information: 0 : 2848, 1, 2025/05/26, 06:57:42.757, 58806132828, vstest.console.dll, AssemblyResolver.OnResolve: Microsoft.VisualStudio.TestPlatform.Fakes: Assembly path does not exist: 'C:\Program Files\dotnet\sdk\9.0.204\Extensions\Microsoft.VisualStudio.TestPlatform.Fakes.dll', returning.
TpTrace Information: 0 : 2848, 1, 2025/05/26, 06:57:42.757, 58806133270, vstest.console.dll, AssemblyResolver.OnResolve: Microsoft.VisualStudio.TestPlatform.Fakes: Assembly path does not exist: 'C:\Program Files\dotnet\sdk\9.0.204\Extensions\Microsoft.VisualStudio.TestPlatform.Fakes.exe', returning.
TpTrace Information: 0 : 2848, 1, 2025/05/26, 06:57:42.757, 58806133573, vstest.console.dll, AssemblyResolver.OnResolve: Microsoft.VisualStudio.TestPlatform.Fakes: Searching in: 'C:\Program Files\dotnet\sdk\9.0.204'.
TpTrace Information: 0 : 2848, 1, 2025/05/26, 06:57:42.757, 58806134023, vstest.console.dll, AssemblyResolver.OnResolve: Microsoft.VisualStudio.TestPlatform.Fakes: Assembly path does not exist: 'C:\Program Files\dotnet\sdk\9.0.204\Microsoft.VisualStudio.TestPlatform.Fakes.dll', returning.
TpTrace Information: 0 : 2848, 1, 2025/05/26, 06:57:42.757, 58806134418, vstest.console.dll, AssemblyResolver.OnResolve: Microsoft.VisualStudio.TestPlatform.Fakes: Assembly path does not exist: 'C:\Program Files\dotnet\sdk\9.0.204\Microsoft.VisualStudio.TestPlatform.Fakes.exe', returning.
TpTrace Information: 0 : 2848, 1, 2025/05/26, 06:57:42.757, 58806134650, vstest.console.dll, AssemblyResolver.OnResolve: Microsoft.VisualStudio.TestPlatform.Fakes: Failed to load assembly.
TpTrace Information: 0 : 2848, 1, 2025/05/26, 06:57:42.758, 58806136732, vstest.console.dll, Failed to load assembly Microsoft.VisualStudio.TestPlatform.Fakes, Version=17.0.0.0, Culture=neutral. Reason:System.IO.FileNotFoundException: Could not load file or assembly 'Microsoft.VisualStudio.TestPlatform.Fakes, Version=17.0.0.0, Culture=neutral, PublicKeyToken=null'. The system cannot find the file specified.
File name: 'Microsoft.VisualStudio.TestPlatform.Fakes, Version=17.0.0.0, Culture=neutral, PublicKeyToken=null'
   at System.Reflection.RuntimeAssembly.InternalLoad(AssemblyName assemblyName, StackCrawlMark& stackMark, AssemblyLoadContext assemblyLoadContext, RuntimeAssembly requestingAssembly, Boolean throwOnFileNotFound)
   at System.Reflection.Assembly.Load(AssemblyName assemblyRef)
   at Microsoft.VisualStudio.TestPlatform.Common.Utilities.FakesUtilities.LoadTestPlatformAssembly() in /_/src/Microsoft.TestPlatform.Common/Utilities/FakesUtilities.cs:line 273
TpTrace Verbose: 0 : 2848, 1, 2025/05/26, 06:57:42.759, 58806146575, vstest.console.dll, TestPluginCache: Update extensions started. Skip filter = False
TpTrace Verbose: 0 : 2848, 1, 2025/05/26, 06:57:42.759, 58806150850, vstest.console.dll, TestPluginCache: Using directories for assembly resolution 'C:\Users\steve.mckitrick\.nuget\packages\coverlet.collector\6.0.0\build\netstandard1.0'.
TpTrace Verbose: 0 : 2848, 1, 2025/05/26, 06:57:42.759, 58806151383, vstest.console.dll, TestPluginCache: Updated the available extensions to 'C:\Users\steve.mckitrick\.nuget\packages\coverlet.collector\6.0.0\build\netstandard1.0\coverlet.collector.dll'.
TpTrace Verbose: 0 : 2848, 1, 2025/05/26, 06:57:42.769, 58806248665, vstest.console.dll, TestEngine: Initializing Parallel Execution as MaxCpuCount is set to: 1
TpTrace Information: 0 : 2848, 1, 2025/05/26, 06:57:42.770, 58806257847, vstest.console.dll, TestPluginManager.CreateTestExtension: Attempting to load test extension: Microsoft.VisualStudio.TestPlatform.CrossPlatEngine.Hosting.DefaultTestHostManager
TpTrace Information: 0 : 2848, 1, 2025/05/26, 06:57:42.771, 58806269977, vstest.console.dll, TestPluginManager.CreateTestExtension: Attempting to load test extension: Microsoft.VisualStudio.TestPlatform.CrossPlatEngine.Hosting.DotnetTestHostManager
TpTrace Verbose: 0 : 2848, 1, 2025/05/26, 06:57:42.771, 58806271833, vstest.console.dll, TestHostManagerCallbacks.ctor: Forwarding output is enabled.
TpTrace Information: 0 : 2848, 1, 2025/05/26, 06:57:42.771, 58806274931, vstest.console.dll, InferRunSettingsHelper.IsTestSettingsEnabled: Unable to navigate to RunSettings/MSTest. Current node: RunSettings
TpTrace Verbose: 0 : 2848, 1, 2025/05/26, 06:57:42.772, 58806285135, vstest.console.dll, ParallelOperationManager.ClearSlots: Clearing all slots. Slots should accept more work: True
TpTrace Verbose: 0 : 2848, 1, 2025/05/26, 06:57:42.773, 58806288838, vstest.console.dll, ParallelOperationManager.SetOccupiedSlotCount: Setting slot counts AvailableSlotCount = 1, OccupiedSlotCount = 0.
TpTrace Verbose: 0 : 2848, 1, 2025/05/26, 06:57:42.773, 58806292171, vstest.console.dll, Occupied slots:

TpTrace Verbose: 0 : 2848, 1, 2025/05/26, 06:57:42.775, 58806314264, vstest.console.dll, TestEngine.GetExecutionManager: Chosen execution manager 'Microsoft.VisualStudio.TestPlatform.CrossPlatEngine.Client.Parallel.ParallelProxyExecutionManager, Microsoft.TestPlatform.CrossPlatEngine, Version=15.0.0.0, Culture=neutral, PublicKeyToken=b03f5f7f11d50a3a' ParallelLevel '1'.
TpTrace Verbose: 0 : 2848, 1, 2025/05/26, 06:57:42.775, 58806315353, vstest.console.dll, TestPlatform.GetSkipDefaultAdapters: Not skipping default adapters SkipDefaultAdapters was false.
TpTrace Verbose: 0 : 2848, 1, 2025/05/26, 06:57:42.776, 58806316079, vstest.console.dll, TestRunRequest.ExecuteAsync: Creating test run request.
TpTrace Verbose: 0 : 2848, 1, 2025/05/26, 06:57:42.776, 58806318249, vstest.console.dll, TestRunRequest.ExecuteAsync: Starting.
TpTrace Information: 0 : 2848, 1, 2025/05/26, 06:57:42.776, 58806325252, vstest.console.dll, TestRunRequest.ExecuteAsync: Starting run with settings:TestRunCriteria:
   KeepAlive=False,FrequencyOfRunStatsChangeEvent=10,RunStatsChangeEventTimeout=00:00:01.5000000,TestCaseFilter=,TestExecutorLauncher=
   Settingsxml=<RunSettings>
  <RunConfiguration>
    <ResultsDirectory>C:\Users\steve.mckitrick\Desktop\BusBus\BusBus.Tests\TestResults</ResultsDirectory>
    <TargetPlatform>X64</TargetPlatform>
    <TargetFrameworkVersion>.NETCoreApp,Version=v8.0</TargetFrameworkVersion>
    <TestAdaptersPaths>C:\Users\steve.mckitrick\.nuget\packages\coverlet.collector\6.0.0\build\netstandard1.0\</TestAdaptersPaths>
    <DesignMode>False</DesignMode>
    <CollectSourceInformation>False</CollectSourceInformation>
  </RunConfiguration>
  <LoggerRunSettings>
    <Loggers>
      <Logger friendlyName="console" assemblyQualifiedName="Microsoft.VisualStudio.TestPlatform.CommandLine.Internal.ConsoleLogger, vstest.console, Version=15.0.0.0, Culture=neutral, PublicKeyToken=b03f5f7f11d50a3a" codeBase="C:\Program Files\dotnet\sdk\9.0.204\vstest.console.dll" enabled="True">
        <Configuration>
          <verbosity>detailed</verbosity>
        </Configuration>
      </Logger>
      <Logger friendlyName="Microsoft.TestPlatform.MSBuildLogger" assemblyQualifiedName="Microsoft.VisualStudio.TestPlatform.CommandLine.Internal.MSBuildLogger, vstest.console, Version=15.0.0.0, Culture=neutral, PublicKeyToken=b03f5f7f11d50a3a" codeBase="C:\Program Files\dotnet\sdk\9.0.204\vstest.console.dll" enabled="True">
        <Configuration>
          <Verbosity>minimal</Verbosity>
        </Configuration>
      </Logger>
    </Loggers>
  </LoggerRunSettings>
</RunSettings>

TpTrace Verbose: 0 : 2848, 1, 2025/05/26, 06:57:42.777, 58806326156, vstest.console.dll, TestRunRequest.ExecuteAsync: Wait for the first run request is over.
TpTrace Verbose: 0 : 2848, 1, 2025/05/26, 06:57:42.777, 58806328109, vstest.console.dll, MulticastDelegateUtilities.SafeInvoke: TestRun.TestRunStart: Invoking callbacks was skipped because there are no subscribers.
TpTrace Verbose: 0 : 2848, 4, 2025/05/26, 06:57:42.777, 58806330438, vstest.console.dll, MulticastDelegateUtilities.SafeInvoke: InternalTestLoggerEvents.SendTestRunStart: Invoking callback 1/1 for Microsoft.VisualStudio.TestPlatform.CommandLine.Internal.ConsoleLogger., took 0 ms.
TpTrace Verbose: 0 : 2848, 1, 2025/05/26, 06:57:42.777, 58806335547, vstest.console.dll, ParallelProxyExecutionManager: Start execution. Total sources: 1
TpTrace Verbose: 0 : 2848, 1, 2025/05/26, 06:57:42.778, 58806338328, vstest.console.dll, ParallelOperationManager.StartWork: Starting adding 1 workloads.
TpTrace Verbose: 0 : 2848, 1, 2025/05/26, 06:57:42.778, 58806338998, vstest.console.dll, ParallelOperationManager.ClearSlots: Clearing all slots. Slots should accept more work: True
TpTrace Verbose: 0 : 2848, 1, 2025/05/26, 06:57:42.778, 58806339566, vstest.console.dll, ParallelOperationManager.SetOccupiedSlotCount: Setting slot counts AvailableSlotCount = 1, OccupiedSlotCount = 0.
TpTrace Verbose: 0 : 2848, 1, 2025/05/26, 06:57:42.778, 58806339872, vstest.console.dll, Occupied slots:

TpTrace Verbose: 0 : 2848, 1, 2025/05/26, 06:57:42.779, 58806348854, vstest.console.dll, TestHostManagerCallbacks.ctor: Forwarding output is enabled.
TpTrace Verbose: 0 : 2848, 1, 2025/05/26, 06:57:42.779, 58806350613, vstest.console.dll, TestRequestSender is acting as server.
TpTrace Verbose: 0 : 2848, 1, 2025/05/26, 06:57:42.779, 58806352721, vstest.console.dll, ParallelOperationManager.RunWorkInParallel: Adding 1 workload to slot, remaining workloads 0.
TpTrace Verbose: 0 : 2848, 1, 2025/05/26, 06:57:42.779, 58806353130, vstest.console.dll, ParallelOperationManager.SetOccupiedSlotCount: Setting slot counts AvailableSlotCount = 0, OccupiedSlotCount = 1.
TpTrace Verbose: 0 : 2848, 1, 2025/05/26, 06:57:42.779, 58806354009, vstest.console.dll, Occupied slots:
0: C:\Users\steve.mckitrick\Desktop\BusBus\BusBus.Tests\bin\Debug\net8.0-windows\BusBus.Tests.dll
TpTrace Verbose: 0 : 2848, 1, 2025/05/26, 06:57:42.780, 58806363741, vstest.console.dll, ParallelOperationManager.RunWorkInParallel: Started host in slot number 0 for work (source): C:\Users\steve.mckitrick\Desktop\BusBus\BusBus.Tests\bin\Debug\net8.0-windows\BusBus.Tests.dll.
TpTrace Verbose: 0 : 2848, 1, 2025/05/26, 06:57:42.781, 58806371533, vstest.console.dll, ParallelOperationManager.RunWorkInParallel: We started 1 work items, which is the max parallel level. Won't start more work.
TpTrace Verbose: 0 : 2848, 1, 2025/05/26, 06:57:42.781, 58806371969, vstest.console.dll, ParallelOperationManager.RunWorkInParallel: We started 1 work items in here, returning True.
TpTrace Verbose: 0 : 2848, 5, 2025/05/26, 06:57:42.781, 58806371691, vstest.console.dll, ParallelProxyExecutionManager.StartTestRunOnConcurrentManager: Initializing uninitialized client. Started clients: 0
TpTrace Information: 0 : 2848, 1, 2025/05/26, 06:57:42.781, 58806372380, vstest.console.dll, TestRunRequest.ExecuteAsync: Started.
TpTrace Verbose: 0 : 2848, 5, 2025/05/26, 06:57:42.781, 58806373041, vstest.console.dll, ParallelProxyExecutionManager.StartTestRunOnConcurrentManager: Initializing test run. Started clients: 0
TpTrace Verbose: 0 : 2848, 5, 2025/05/26, 06:57:42.781, 58806374074, vstest.console.dll, ProxyExecutionManager: Test host is always Lazy initialize.
TpTrace Verbose: 0 : 2848, 5, 2025/05/26, 06:57:42.782, 58806376519, vstest.console.dll, TestRequestSender.InitializeCommunication: initialize communication. 
TpTrace Verbose: 0 : 2848, 1, 2025/05/26, 06:57:42.782, 58806377223, vstest.console.dll, TestRunRequest.WaitForCompletion: Waiting with timeout -1.
TpTrace Information: 0 : 2848, 5, 2025/05/26, 06:57:42.790, 58806462272, vstest.console.dll, SocketServer.Start: Listening on endpoint : 127.0.0.1:49186
TpTrace Verbose: 0 : 2848, 5, 2025/05/26, 06:57:42.796, 58806522799, vstest.console.dll, DotnetTestHostmanager.GetTestHostProcessStartInfo: Platform environment 'X64' target architecture 'X64' framework '.NETCoreApp,Version=v8.0' OS 'Windows'
TpTrace Verbose: 0 : 2848, 5, 2025/05/26, 06:57:42.796, 58806525366, vstest.console.dll, DotnetTestHostmanager: Adding  --runtimeconfig "C:\Users\steve.mckitrick\Desktop\BusBus\BusBus.Tests\bin\Debug\net8.0-windows\BusBus.Tests.runtimeconfig.json" in args
TpTrace Verbose: 0 : 2848, 5, 2025/05/26, 06:57:42.797, 58806526288, vstest.console.dll, DotnetTestHostmanager: Adding  --depsfile "C:\Users\steve.mckitrick\Desktop\BusBus\BusBus.Tests\bin\Debug\net8.0-windows\BusBus.Tests.deps.json" in args
TpTrace Verbose: 0 : 2848, 5, 2025/05/26, 06:57:42.797, 58806527971, vstest.console.dll, DotnetTestHostmanager.IsWinOnArm: Current PROCESSOR_ARCHITECTURE from environment variable 'AMD64'
TpTrace Verbose: 0 : 2848, 5, 2025/05/26, 06:57:42.797, 58806528467, vstest.console.dll, DotnetTestHostmanager.IsWinOnArm: Is Windows on ARM 'False'
TpTrace Verbose: 0 : 2848, 5, 2025/05/26, 06:57:42.797, 58806529158, vstest.console.dll, DotnetTestHostManager: testhost.exe found at path: C:\Users\steve.mckitrick\Desktop\BusBus\BusBus.Tests\bin\Debug\net8.0-windows\testhost.exe
TpTrace Verbose: 0 : 2848, 5, 2025/05/26, 06:57:42.797, 58806529509, vstest.console.dll, DotnetTestHostmanager: Full path of host exe is C:\Users\steve.mckitrick\Desktop\BusBus\BusBus.Tests\bin\Debug\net8.0-windows\testhost.exe
TpTrace Verbose: 0 : 2848, 5, 2025/05/26, 06:57:42.797, 58806530539, vstest.console.dll, DotnetTestHostmanager.LaunchTestHostAsync: Found 'VSTEST_WINAPPHOST_DOTNET_ROOT' in env variables, value 'C:\Program Files\dotnet', forwarding to 'DOTNET_ROOT'
TpTrace Verbose: 0 : 2848, 5, 2025/05/26, 06:57:42.797, 58806531725, vstest.console.dll, DotnetTestHostManager: Starting process 'C:\Users\steve.mckitrick\Desktop\BusBus\BusBus.Tests\bin\Debug\net8.0-windows\testhost.exe' with command line ' --runtimeconfig "C:\Users\steve.mckitrick\Desktop\BusBus\BusBus.Tests\bin\Debug\net8.0-windows\BusBus.Tests.runtimeconfig.json" --depsfile "C:\Users\steve.mckitrick\Desktop\BusBus\BusBus.Tests\bin\Debug\net8.0-windows\BusBus.Tests.deps.json" --port 49186 --endpoint 127.0.0.1:049186 --role client --parentprocessid 2848 --diag "C:\Users\steve.mckitrick\Desktop\BusBus\test_output.host.25-05-26_06-57-42_79630_5.log" --tracelevel 4 --telemetryoptedin false'
TpTrace Verbose: 0 : 2848, 5, 2025/05/26, 06:57:42.805, 58806608792, vstest.console.dll, Test Runtime launched
TpTrace Verbose: 0 : 2848, 5, 2025/05/26, 06:57:42.805, 58806609823, vstest.console.dll, MulticastDelegateUtilities.SafeInvoke: HostProviderEvents.OnHostLaunched: Invoking callback 1/1 for Microsoft.VisualStudio.TestPlatform.CrossPlatEngine.Client.ProxyOperationManager., took 0 ms.
TpTrace Verbose: 0 : 2848, 5, 2025/05/26, 06:57:42.805, 58806612397, vstest.console.dll, TestRequestSender.WaitForRequestHandlerConnection: waiting for connection with timeout: 90000.
TpTrace Verbose: 0 : 2848, 9, 2025/05/26, 06:57:42.989, 58808455556, vstest.console.dll, MulticastDelegateUtilities.SafeInvoke: SocketServer: ClientConnected: Invoking callback 1/1 for Microsoft.VisualStudio.TestPlatform.CommunicationUtilities.TestRequestSender., took 0 ms.
TpTrace Verbose: 0 : 2848, 5, 2025/05/26, 06:57:42.989, 58808455556, vstest.console.dll, TestRequestSender.WaitForRequestHandlerConnection: waiting took 184 ms, with timeout 90000 ms, and result 0, which is success.
TpTrace Verbose: 0 : 2848, 9, 2025/05/26, 06:57:42.990, 58808456504, vstest.console.dll, SocketServer.OnClientConnected: Client connected for endPoint: 127.0.0.1:49186, starting MessageLoopAsync:
TpTrace Verbose: 0 : 2848, 10, 2025/05/26, 06:57:42.990, 58808460969, vstest.console.dll, TcpClientExtensions.MessageLoopAsync: Polling on remoteEndPoint: 127.0.0.1:49187 localEndPoint: 127.0.0.1:49186 after 0 ms
TpTrace Verbose: 0 : 2848, 5, 2025/05/26, 06:57:43.025, 58808813946, vstest.console.dll, TestRequestSender.CheckVersionWithTestHost: Sending check version message: {"MessageType":"ProtocolVersion","Payload":7}
TpTrace Verbose: 0 : 2848, 10, 2025/05/26, 06:57:43.108, 58809638635, vstest.console.dll, TcpClientExtensions.MessageLoopAsync: NotifyDataAvailable remoteEndPoint: 127.0.0.1:49187 localEndPoint: 127.0.0.1:49186
TpTrace Verbose: 0 : 2848, 10, 2025/05/26, 06:57:43.108, 58809641901, vstest.console.dll, TestRequestSender.CheckVersionWithTestHost: onMessageReceived received message: (ProtocolVersion) -> {"MessageType":"ProtocolVersion","Payload":7}
TpTrace Verbose: 0 : 2848, 10, 2025/05/26, 06:57:43.111, 58809674305, vstest.console.dll, MulticastDelegateUtilities.SafeInvoke: LengthPrefixCommunicationChannel: MessageReceived: Invoking callback 1/1 for Microsoft.VisualStudio.TestPlatform.CommunicationUtilities.TestRequestSender+<>c__DisplayClass29_0., took 3 ms.
TpTrace Verbose: 0 : 2848, 5, 2025/05/26, 06:57:43.111, 58809675494, vstest.console.dll, TestPluginCache.GetExtensionPaths: Filtered extension paths: 
TpTrace Verbose: 0 : 2848, 10, 2025/05/26, 06:57:43.111, 58809675554, vstest.console.dll, TcpClientExtensions.MessageLoopAsync: Polling on remoteEndPoint: 127.0.0.1:49187 localEndPoint: 127.0.0.1:49186 after 121 ms
TpTrace Verbose: 0 : 2848, 5, 2025/05/26, 06:57:43.112, 58809676316, vstest.console.dll, TestPluginCache.GetExtensionPaths: Added default extension paths: C:\Program Files\dotnet\sdk\9.0.204\Extensions\Microsoft.Diagnostics.NETCore.Client.dll
C:\Program Files\dotnet\sdk\9.0.204\Extensions\Microsoft.TestPlatform.Extensions.BlameDataCollector.dll
C:\Program Files\dotnet\sdk\9.0.204\Extensions\Microsoft.TestPlatform.Extensions.EventLogCollector.dll
C:\Program Files\dotnet\sdk\9.0.204\Extensions\Microsoft.TestPlatform.TestHostRuntimeProvider.dll
C:\Program Files\dotnet\sdk\9.0.204\Extensions\Microsoft.VisualStudio.TestPlatform.Extensions.Html.TestLogger.dll
C:\Program Files\dotnet\sdk\9.0.204\Extensions\Microsoft.VisualStudio.TestPlatform.Extensions.Trx.TestLogger.dll
TpTrace Verbose: 0 : 2848, 5, 2025/05/26, 06:57:43.112, 58809677170, vstest.console.dll, TestPluginCache.GetExtensionPaths: Added unfilterableExtensionPaths: 
TpTrace Verbose: 0 : 2848, 10, 2025/05/26, 06:57:43.112, 58809683993, vstest.console.dll, TcpClientExtensions.MessageLoopAsync: NotifyDataAvailable remoteEndPoint: 127.0.0.1:49187 localEndPoint: 127.0.0.1:49186
TpTrace Verbose: 0 : 2848, 5, 2025/05/26, 06:57:43.115, 58809707061, vstest.console.dll, TestRequestSender.InitializeExecution: Sending initialize execution with message: {"Version":7,"MessageType":"TestExecution.Initialize","Payload":["C:\\Users\\steve.mckitrick\\Desktop\\BusBus\\BusBus.Tests\\bin\\Debug\\net8.0-windows\\NUnit3.TestAdapter.dll"]}
TpTrace Verbose: 0 : 2848, 5, 2025/05/26, 06:57:43.115, 58809709714, vstest.console.dll, ParallelProxyExecutionManager.StartTestRunOnConcurrentManager: Execution starting. Started clients: 1
TpTrace Warning: 0 : 2848, 5, 2025/05/26, 06:57:43.115, 58809713555, vstest.console.dll, InferRunSettingsHelper.MakeRunsettingsCompatible: Removing the following settings: TargetPlatform from RunSettings file. To use those settings please move to latest version of Microsoft.NET.Test.Sdk
TpTrace Verbose: 0 : 2848, 10, 2025/05/26, 06:57:43.116, 58809718936, vstest.console.dll, TestRequestSender.OnExecutionMessageReceived: Received message: {"Version":7,"MessageType":"TestSession.Message","Payload":{"MessageLevel":0,"Message":"Logging TestHost Diagnostics in file: C:\\Users\\steve.mckitrick\\Desktop\\BusBus\\test_output.host.25-05-26_06-57-42_79630_5.log"}}
TpTrace Verbose: 0 : 2848, 10, 2025/05/26, 06:57:43.118, 58809743324, vstest.console.dll, TestRunRequest:SendTestRunMessage: Starting.
TpTrace Verbose: 0 : 2848, 10, 2025/05/26, 06:57:43.118, 58809744821, vstest.console.dll, MulticastDelegateUtilities.SafeInvoke: TestRun.LogMessages: Invoking callback 1/1 for Microsoft.VisualStudio.TestPlatform.CommandLine.TestRunResultAggregator., took 0 ms.
TpTrace Information: 0 : 2848, 10, 2025/05/26, 06:57:43.118, 58809745235, vstest.console.dll, TestRunRequest:SendTestRunMessage: Completed.
TpTrace Verbose: 0 : 2848, 10, 2025/05/26, 06:57:43.118, 58809745502, vstest.console.dll, MulticastDelegateUtilities.SafeInvoke: LengthPrefixCommunicationChannel: MessageReceived: Invoking callback 1/1 for Microsoft.VisualStudio.TestPlatform.CommunicationUtilities.TestRequestSender+<>c__DisplayClass34_0., took 2 ms.
TpTrace Verbose: 0 : 2848, 10, 2025/05/26, 06:57:43.119, 58809745742, vstest.console.dll, TcpClientExtensions.MessageLoopAsync: Polling on remoteEndPoint: 127.0.0.1:49187 localEndPoint: 127.0.0.1:49186 after 6 ms
TpTrace Verbose: 0 : 2848, 4, 2025/05/26, 06:57:43.119, 58809747228, vstest.console.dll, MulticastDelegateUtilities.SafeInvoke: InternalTestLoggerEvents.SendTestRunMessage: Invoking callback 1/2 for Microsoft.VisualStudio.TestPlatform.CommandLine.Internal.ConsoleLogger., took 0 ms.
TpTrace Verbose: 0 : 2848, 4, 2025/05/26, 06:57:43.119, 58809749162, vstest.console.dll, MulticastDelegateUtilities.SafeInvoke: InternalTestLoggerEvents.SendTestRunMessage: Invoking callback 2/2 for Microsoft.VisualStudio.TestPlatform.CommandLine.Internal.MSBuildLogger., took 0 ms.
TpTrace Verbose: 0 : 2848, 5, 2025/05/26, 06:57:43.121, 58809771472, vstest.console.dll, TestRequestSender.StartTestRun: Sending test run with message: {"Version":7,"MessageType":"TestExecution.StartWithSources","Payload":{"AdapterSourceMap":{"_none_":["C:\\Users\\steve.mckitrick\\Desktop\\BusBus\\BusBus.Tests\\bin\\Debug\\net8.0-windows\\BusBus.Tests.dll"]},"RunSettings":"<RunSettings>\r\n  <RunConfiguration>\r\n    <ResultsDirectory>C:\\Users\\steve.mckitrick\\Desktop\\BusBus\\BusBus.Tests\\TestResults</ResultsDirectory>\r\n    <TargetFrameworkVersion>.NETCoreApp,Version=v8.0</TargetFrameworkVersion>\r\n    <TestAdaptersPaths>C:\\Users\\steve.mckitrick\\.nuget\\packages\\coverlet.collector\\6.0.0\\build\\netstandard1.0\\</TestAdaptersPaths>\r\n    <DesignMode>False</DesignMode>\r\n    <CollectSourceInformation>False</CollectSourceInformation>\r\n  </RunConfiguration>\r\n  <LoggerRunSettings>\r\n    <Loggers>\r\n      <Logger friendlyName=\"console\" assemblyQualifiedName=\"Microsoft.VisualStudio.TestPlatform.CommandLine.Internal.ConsoleLogger, vstest.console, Version=15.0.0.0, Culture=neutral, PublicKeyToken=b03f5f7f11d50a3a\" codeBase=\"C:\\Program Files\\dotnet\\sdk\\9.0.204\\vstest.console.dll\" enabled=\"True\">\r\n        <Configuration>\r\n          <verbosity>detailed</verbosity>\r\n        </Configuration>\r\n      </Logger>\r\n      <Logger friendlyName=\"Microsoft.TestPlatform.MSBuildLogger\" assemblyQualifiedName=\"Microsoft.VisualStudio.TestPlatform.CommandLine.Internal.MSBuildLogger, vstest.console, Version=15.0.0.0, Culture=neutral, PublicKeyToken=b03f5f7f11d50a3a\" codeBase=\"C:\\Program Files\\dotnet\\sdk\\9.0.204\\vstest.console.dll\" enabled=\"True\">\r\n        <Configuration>\r\n          <Verbosity>minimal</Verbosity>\r\n        </Configuration>\r\n      </Logger>\r\n    </Loggers>\r\n  </LoggerRunSettings>\r\n</RunSettings>","TestExecutionContext":{"FrequencyOfRunStatsChangeEvent":10,"RunStatsChangeEventTimeout":"00:00:01.5000000","InIsolation":false,"KeepAlive":false,"AreTestCaseLevelEventsRequired":false,"IsDebug":false,"TestCaseFilter":null,"FilterOptions":null},"Package":null}}
TpTrace Verbose: 0 : 2848, 5, 2025/05/26, 06:57:43.121, 58809773312, vstest.console.dll, ParallelProxyExecutionManager.StartTestRunOnConcurrentManager: Execution started. Started clients: 1
TpTrace Verbose: 0 : 2848, 10, 2025/05/26, 06:57:43.239, 58810946677, vstest.console.dll, TcpClientExtensions.MessageLoopAsync: NotifyDataAvailable remoteEndPoint: 127.0.0.1:49187 localEndPoint: 127.0.0.1:49186
TpTrace Verbose: 0 : 2848, 10, 2025/05/26, 06:57:43.239, 58810948243, vstest.console.dll, TestRequestSender.OnExecutionMessageReceived: Received message: {"Version":7,"MessageType":"TestSession.Message","Payload":{"MessageLevel":0,"Message":"NUnit Adapter 5.0.0.0: Test execution started"}}
TpTrace Verbose: 0 : 2848, 10, 2025/05/26, 06:57:43.239, 58810950247, vstest.console.dll, TestRunRequest:SendTestRunMessage: Starting.
TpTrace Verbose: 0 : 2848, 10, 2025/05/26, 06:57:43.239, 58810951119, vstest.console.dll, MulticastDelegateUtilities.SafeInvoke: TestRun.LogMessages: Invoking callback 1/1 for Microsoft.VisualStudio.TestPlatform.CommandLine.TestRunResultAggregator., took 0 ms.
TpTrace Information: 0 : 2848, 10, 2025/05/26, 06:57:43.239, 58810951397, vstest.console.dll, TestRunRequest:SendTestRunMessage: Completed.
TpTrace Verbose: 0 : 2848, 10, 2025/05/26, 06:57:43.239, 58810951713, vstest.console.dll, MulticastDelegateUtilities.SafeInvoke: LengthPrefixCommunicationChannel: MessageReceived: Invoking callback 1/1 for Microsoft.VisualStudio.TestPlatform.CommunicationUtilities.TestRequestSender+<>c__DisplayClass34_0., took 0 ms.
TpTrace Verbose: 0 : 2848, 10, 2025/05/26, 06:57:43.239, 58810951952, vstest.console.dll, TcpClientExtensions.MessageLoopAsync: Polling on remoteEndPoint: 127.0.0.1:49187 localEndPoint: 127.0.0.1:49186 after 120 ms
TpTrace Verbose: 0 : 2848, 4, 2025/05/26, 06:57:43.239, 58810952076, vstest.console.dll, MulticastDelegateUtilities.SafeInvoke: InternalTestLoggerEvents.SendTestRunMessage: Invoking callback 1/2 for Microsoft.VisualStudio.TestPlatform.CommandLine.Internal.ConsoleLogger., took 0 ms.
TpTrace Verbose: 0 : 2848, 4, 2025/05/26, 06:57:43.239, 58810953415, vstest.console.dll, MulticastDelegateUtilities.SafeInvoke: InternalTestLoggerEvents.SendTestRunMessage: Invoking callback 2/2 for Microsoft.VisualStudio.TestPlatform.CommandLine.Internal.MSBuildLogger., took 0 ms.
TpTrace Verbose: 0 : 2848, 10, 2025/05/26, 06:57:43.259, 58811145746, vstest.console.dll, TcpClientExtensions.MessageLoopAsync: NotifyDataAvailable remoteEndPoint: 127.0.0.1:49187 localEndPoint: 127.0.0.1:49186
TpTrace Verbose: 0 : 2848, 10, 2025/05/26, 06:57:43.259, 58811147424, vstest.console.dll, TestRequestSender.OnExecutionMessageReceived: Received message: {"Version":7,"MessageType":"TestSession.Message","Payload":{"MessageLevel":0,"Message":"Running all tests in C:\\Users\\steve.mckitrick\\Desktop\\BusBus\\BusBus.Tests\\bin\\Debug\\net8.0-windows\\BusBus.Tests.dll"}}
TpTrace Verbose: 0 : 2848, 10, 2025/05/26, 06:57:43.259, 58811148441, vstest.console.dll, TestRunRequest:SendTestRunMessage: Starting.
TpTrace Verbose: 0 : 2848, 10, 2025/05/26, 06:57:43.259, 58811148955, vstest.console.dll, MulticastDelegateUtilities.SafeInvoke: TestRun.LogMessages: Invoking callback 1/1 for Microsoft.VisualStudio.TestPlatform.CommandLine.TestRunResultAggregator., took 0 ms.
TpTrace Information: 0 : 2848, 10, 2025/05/26, 06:57:43.259, 58811149285, vstest.console.dll, TestRunRequest:SendTestRunMessage: Completed.
TpTrace Verbose: 0 : 2848, 10, 2025/05/26, 06:57:43.259, 58811149564, vstest.console.dll, MulticastDelegateUtilities.SafeInvoke: LengthPrefixCommunicationChannel: MessageReceived: Invoking callback 1/1 for Microsoft.VisualStudio.TestPlatform.CommunicationUtilities.TestRequestSender+<>c__DisplayClass34_0., took 0 ms.
TpTrace Verbose: 0 : 2848, 10, 2025/05/26, 06:57:43.259, 58811149835, vstest.console.dll, TcpClientExtensions.MessageLoopAsync: Polling on remoteEndPoint: 127.0.0.1:49187 localEndPoint: 127.0.0.1:49186 after 19 ms
TpTrace Verbose: 0 : 2848, 4, 2025/05/26, 06:57:43.259, 58811149824, vstest.console.dll, MulticastDelegateUtilities.SafeInvoke: InternalTestLoggerEvents.SendTestRunMessage: Invoking callback 1/2 for Microsoft.VisualStudio.TestPlatform.CommandLine.Internal.ConsoleLogger., took 0 ms.
TpTrace Verbose: 0 : 2848, 4, 2025/05/26, 06:57:43.259, 58811151112, vstest.console.dll, MulticastDelegateUtilities.SafeInvoke: InternalTestLoggerEvents.SendTestRunMessage: Invoking callback 2/2 for Microsoft.VisualStudio.TestPlatform.CommandLine.Internal.MSBuildLogger., took 0 ms.
TpTrace Verbose: 0 : 2848, 10, 2025/05/26, 06:57:43.319, 58811751888, vstest.console.dll, TcpClientExtensions.MessageLoopAsync: NotifyDataAvailable remoteEndPoint: 127.0.0.1:49187 localEndPoint: 127.0.0.1:49186
TpTrace Verbose: 0 : 2848, 10, 2025/05/26, 06:57:43.319, 58811753327, vstest.console.dll, TestRequestSender.OnExecutionMessageReceived: Received message: {"Version":7,"MessageType":"TestSession.Message","Payload":{"MessageLevel":0,"Message":"   NUnit failed to load C:\\Users\\steve.mckitrick\\Desktop\\BusBus\\BusBus.Tests\\bin\\Debug\\net8.0-windows\\BusBus.Tests.dll"}}
TpTrace Verbose: 0 : 2848, 10, 2025/05/26, 06:57:43.319, 58811754327, vstest.console.dll, TestRunRequest:SendTestRunMessage: Starting.
TpTrace Verbose: 0 : 2848, 10, 2025/05/26, 06:57:43.319, 58811754818, vstest.console.dll, MulticastDelegateUtilities.SafeInvoke: TestRun.LogMessages: Invoking callback 1/1 for Microsoft.VisualStudio.TestPlatform.CommandLine.TestRunResultAggregator., took 0 ms.
TpTrace Information: 0 : 2848, 10, 2025/05/26, 06:57:43.319, 58811755602, vstest.console.dll, TestRunRequest:SendTestRunMessage: Completed.
TpTrace Verbose: 0 : 2848, 10, 2025/05/26, 06:57:43.320, 58811755986, vstest.console.dll, MulticastDelegateUtilities.SafeInvoke: LengthPrefixCommunicationChannel: MessageReceived: Invoking callback 1/1 for Microsoft.VisualStudio.TestPlatform.CommunicationUtilities.TestRequestSender+<>c__DisplayClass34_0., took 0 ms.
TpTrace Verbose: 0 : 2848, 10, 2025/05/26, 06:57:43.320, 58811756448, vstest.console.dll, TcpClientExtensions.MessageLoopAsync: Polling on remoteEndPoint: 127.0.0.1:49187 localEndPoint: 127.0.0.1:49186 after 60 ms
TpTrace Verbose: 0 : 2848, 4, 2025/05/26, 06:57:43.320, 58811756133, vstest.console.dll, MulticastDelegateUtilities.SafeInvoke: InternalTestLoggerEvents.SendTestRunMessage: Invoking callback 1/2 for Microsoft.VisualStudio.TestPlatform.CommandLine.Internal.ConsoleLogger., took 0 ms.
TpTrace Verbose: 0 : 2848, 10, 2025/05/26, 06:57:43.320, 58811756893, vstest.console.dll, TcpClientExtensions.MessageLoopAsync: NotifyDataAvailable remoteEndPoint: 127.0.0.1:49187 localEndPoint: 127.0.0.1:49186
TpTrace Verbose: 0 : 2848, 4, 2025/05/26, 06:57:43.320, 58811757798, vstest.console.dll, MulticastDelegateUtilities.SafeInvoke: InternalTestLoggerEvents.SendTestRunMessage: Invoking callback 2/2 for Microsoft.VisualStudio.TestPlatform.CommandLine.Internal.MSBuildLogger., took 0 ms.
TpTrace Verbose: 0 : 2848, 10, 2025/05/26, 06:57:43.320, 58811758286, vstest.console.dll, TestRequestSender.OnExecutionMessageReceived: Received message: {"Version":7,"MessageType":"TestSession.Message","Payload":{"MessageLevel":0,"Message":"NUnit Adapter 5.0.0.0: Test execution complete"}}
TpTrace Verbose: 0 : 2848, 10, 2025/05/26, 06:57:43.320, 58811759165, vstest.console.dll, TestRunRequest:SendTestRunMessage: Starting.
TpTrace Verbose: 0 : 2848, 10, 2025/05/26, 06:57:43.320, 58811759655, vstest.console.dll, MulticastDelegateUtilities.SafeInvoke: TestRun.LogMessages: Invoking callback 1/1 for Microsoft.VisualStudio.TestPlatform.CommandLine.TestRunResultAggregator., took 0 ms.
TpTrace Information: 0 : 2848, 10, 2025/05/26, 06:57:43.320, 58811759960, vstest.console.dll, TestRunRequest:SendTestRunMessage: Completed.
TpTrace Verbose: 0 : 2848, 10, 2025/05/26, 06:57:43.320, 58811760212, vstest.console.dll, MulticastDelegateUtilities.SafeInvoke: LengthPrefixCommunicationChannel: MessageReceived: Invoking callback 1/1 for Microsoft.VisualStudio.TestPlatform.CommunicationUtilities.TestRequestSender+<>c__DisplayClass34_0., took 0 ms.
TpTrace Verbose: 0 : 2848, 4, 2025/05/26, 06:57:43.320, 58811760253, vstest.console.dll, MulticastDelegateUtilities.SafeInvoke: InternalTestLoggerEvents.SendTestRunMessage: Invoking callback 1/2 for Microsoft.VisualStudio.TestPlatform.CommandLine.Internal.ConsoleLogger., took 0 ms.
TpTrace Verbose: 0 : 2848, 10, 2025/05/26, 06:57:43.320, 58811760621, vstest.console.dll, TcpClientExtensions.MessageLoopAsync: Polling on remoteEndPoint: 127.0.0.1:49187 localEndPoint: 127.0.0.1:49186 after 0 ms
TpTrace Verbose: 0 : 2848, 4, 2025/05/26, 06:57:43.320, 58811761632, vstest.console.dll, MulticastDelegateUtilities.SafeInvoke: InternalTestLoggerEvents.SendTestRunMessage: Invoking callback 2/2 for Microsoft.VisualStudio.TestPlatform.CommandLine.Internal.MSBuildLogger., took 0 ms.
TpTrace Verbose: 0 : 2848, 10, 2025/05/26, 06:57:43.322, 58811778145, vstest.console.dll, TcpClientExtensions.MessageLoopAsync: NotifyDataAvailable remoteEndPoint: 127.0.0.1:49187 localEndPoint: 127.0.0.1:49186
TpTrace Verbose: 0 : 2848, 10, 2025/05/26, 06:57:43.322, 58811779001, vstest.console.dll, TestRequestSender.OnExecutionMessageReceived: Received message: {"Version":7,"MessageType":"TestSession.Message","Payload":{"MessageLevel":1,"Message":"No test is available in C:\\Users\\steve.mckitrick\\Desktop\\BusBus\\BusBus.Tests\\bin\\Debug\\net8.0-windows\\BusBus.Tests.dll. Make sure that test discoverer & executors are registered and platform & framework version settings are appropriate and try again."}}
TpTrace Verbose: 0 : 2848, 10, 2025/05/26, 06:57:43.322, 58811779820, vstest.console.dll, TestRunRequest:SendTestRunMessage: Starting.
TpTrace Verbose: 0 : 2848, 10, 2025/05/26, 06:57:43.322, 58811780348, vstest.console.dll, MulticastDelegateUtilities.SafeInvoke: TestRun.LogMessages: Invoking callback 1/1 for Microsoft.VisualStudio.TestPlatform.CommandLine.TestRunResultAggregator., took 0 ms.
TpTrace Information: 0 : 2848, 10, 2025/05/26, 06:57:43.322, 58811780828, vstest.console.dll, TestRunRequest:SendTestRunMessage: Completed.
TpTrace Verbose: 0 : 2848, 10, 2025/05/26, 06:57:43.322, 58811781116, vstest.console.dll, MulticastDelegateUtilities.SafeInvoke: LengthPrefixCommunicationChannel: MessageReceived: Invoking callback 1/1 for Microsoft.VisualStudio.TestPlatform.CommunicationUtilities.TestRequestSender+<>c__DisplayClass34_0., took 0 ms.
TpTrace Verbose: 0 : 2848, 10, 2025/05/26, 06:57:43.322, 58811781442, vstest.console.dll, TcpClientExtensions.MessageLoopAsync: Polling on remoteEndPoint: 127.0.0.1:49187 localEndPoint: 127.0.0.1:49186 after 2 ms
TpTrace Verbose: 0 : 2848, 4, 2025/05/26, 06:57:43.322, 58811781636, vstest.console.dll, MulticastDelegateUtilities.SafeInvoke: InternalTestLoggerEvents.SendTestRunMessage: Invoking callback 1/2 for Microsoft.VisualStudio.TestPlatform.CommandLine.Internal.ConsoleLogger., took 0 ms.
TpTrace Verbose: 0 : 2848, 4, 2025/05/26, 06:57:43.322, 58811782569, vstest.console.dll, MulticastDelegateUtilities.SafeInvoke: InternalTestLoggerEvents.SendTestRunMessage: Invoking callback 2/2 for Microsoft.VisualStudio.TestPlatform.CommandLine.Internal.MSBuildLogger., took 0 ms.
TpTrace Verbose: 0 : 2848, 10, 2025/05/26, 06:57:43.342, 58811983937, vstest.console.dll, TcpClientExtensions.MessageLoopAsync: NotifyDataAvailable remoteEndPoint: 127.0.0.1:49187 localEndPoint: 127.0.0.1:49186
TpTrace Verbose: 0 : 2848, 10, 2025/05/26, 06:57:43.343, 58811985820, vstest.console.dll, TestRequestSender.OnExecutionMessageReceived: Received message: {"Version":7,"MessageType":"TestExecution.Completed","Payload":{"TestRunCompleteArgs":{"TestRunStatistics":{"ExecutedTests":0,"Stats":{}},"IsCanceled":false,"IsAborted":false,"Error":null,"AttachmentSets":[],"InvokedDataCollectors":[],"ElapsedTimeInRunningTests":"00:00:00.1047369","Metrics":{},"DiscoveredExtensions":{"TestDiscoverers":["NUnit.VisualStudio.TestAdapter.NUnit3TestDiscoverer, NUnit3.TestAdapter, Version=5.0.0.0, Culture=neutral, PublicKeyToken=4cb40d35494691ac"],"TestExecutors":["executor://NUnit3TestExecutor"],"TestExecutors2":[],"TestSettingsProviders":[]}},"LastRunTests":{"NewTestResults":[],"TestRunStatistics":{"ExecutedTests":0,"Stats":{}},"ActiveTests":[]},"RunAttachments":[],"ExecutorUris":[]}}
TpTrace Verbose: 0 : 2848, 10, 2025/05/26, 06:57:43.343, 58811987015, vstest.console.dll, TestRequestSender.EndSession: Sending end session.
TpTrace Verbose: 0 : 2848, 10, 2025/05/26, 06:57:43.343, 58811988793, vstest.console.dll, ProxyOperationManager.Close: waiting for test host to exit for 100 ms
TpTrace Verbose: 0 : 2848, 12, 2025/05/26, 06:57:43.349, 58812049249, vstest.console.dll, TestHostManagerCallbacks.StandardOutputReceivedCallback Test host standard output line: 
TpTrace Warning: 0 : 2848, 11, 2025/05/26, 06:57:43.349, 58812049250, vstest.console.dll, TestHostManagerCallbacks.ErrorReceivedCallback Test host standard error line: 
TpTrace Verbose: 0 : 2848, 12, 2025/05/26, 06:57:43.358, 58812142523, vstest.console.dll, TestHostProvider.ExitCallBack: Host exited starting callback.
TpTrace Information: 0 : 2848, 12, 2025/05/26, 06:57:43.358, 58812144350, vstest.console.dll, TestHostManagerCallbacks.ExitCallBack: Testhost processId: 192 exited with exitcode: 0 error: ''
TpTrace Verbose: 0 : 2848, 12, 2025/05/26, 06:57:43.358, 58812145159, vstest.console.dll, DotnetTestHostManager.OnHostExited: invoking OnHostExited callback
TpTrace Verbose: 0 : 2848, 12, 2025/05/26, 06:57:43.359, 58812147312, vstest.console.dll, CrossPlatEngine.TestHostManagerHostExited: calling on client process exit callback.
TpTrace Information: 0 : 2848, 12, 2025/05/26, 06:57:43.359, 58812148079, vstest.console.dll, TestRequestSender.OnClientProcessExit: Test host process exited. Standard error: 
TpTrace Information: 0 : 2848, 10, 2025/05/26, 06:57:43.359, 58812148310, vstest.console.dll, SocketServer.Stop: Stop server endPoint: 127.0.0.1:49186
TpTrace Information: 0 : 2848, 12, 2025/05/26, 06:57:43.359, 58812148426, vstest.console.dll, SocketServer.Stop: Stop server endPoint: 127.0.0.1:49186
TpTrace Information: 0 : 2848, 10, 2025/05/26, 06:57:43.359, 58812148926, vstest.console.dll, SocketServer.Stop: Cancellation requested. Stopping message loop.
TpTrace Information: 0 : 2848, 12, 2025/05/26, 06:57:43.359, 58812149255, vstest.console.dll, SocketServer.Stop: Cancellation requested. Stopping message loop.
TpTrace Verbose: 0 : 2848, 12, 2025/05/26, 06:57:43.359, 58812149966, vstest.console.dll, MulticastDelegateUtilities.SafeInvoke: HostProviderEvents.OnHostExited: Invoking callback 1/1 for Microsoft.VisualStudio.TestPlatform.CrossPlatEngine.Client.ProxyOperationManager., took 0 ms.
TpTrace Information: 0 : 2848, 10, 2025/05/26, 06:57:43.359, 58812150259, vstest.console.dll, Closing the connection
TpTrace Verbose: 0 : 2848, 10, 2025/05/26, 06:57:43.373, 58812293920, vstest.console.dll, ParallelRunEventsHandler.HandleTestRunComplete: Handling a run completion, this can be either one part of parallel run completing, or the whole parallel run completing.
TpTrace Verbose: 0 : 2848, 10, 2025/05/26, 06:57:43.376, 58812316715, vstest.console.dll, TestRunRequest:SendTestRunStatsChange: Starting.
TpTrace Verbose: 0 : 2848, 10, 2025/05/26, 06:57:43.376, 58812318190, vstest.console.dll, MulticastDelegateUtilities.SafeInvoke: TestRun.RunStatsChanged: Invoking callbacks was skipped because there are no subscribers.
TpTrace Information: 0 : 2848, 10, 2025/05/26, 06:57:43.376, 58812318613, vstest.console.dll, TestRunRequest:SendTestRunStatsChange: Completed.
TpTrace Verbose: 0 : 2848, 10, 2025/05/26, 06:57:43.376, 58812321253, vstest.console.dll, ParallelProxyExecutionManager: HandlePartialRunComplete: Total workloads = 1, Total started clients = 1 Total completed clients = 1, Run complete = True, Run canceled: False.
TpTrace Verbose: 0 : 2848, 10, 2025/05/26, 06:57:43.376, 58812321651, vstest.console.dll, ParallelProxyExecutionManager: HandlePartialRunComplete: All runs completed stopping all managers.
TpTrace Verbose: 0 : 2848, 10, 2025/05/26, 06:57:43.376, 58812321930, vstest.console.dll, ParallelOperationManager.StopAllManagers: Stopping all managers.
TpTrace Verbose: 0 : 2848, 10, 2025/05/26, 06:57:43.376, 58812322155, vstest.console.dll, ParallelOperationManager.ClearSlots: Clearing all slots. Slots should accept more work: False
TpTrace Verbose: 0 : 2848, 10, 2025/05/26, 06:57:43.376, 58812322485, vstest.console.dll, ParallelOperationManager.SetOccupiedSlotCount: Setting slot counts AvailableSlotCount = 1, OccupiedSlotCount = 0.
TpTrace Verbose: 0 : 2848, 10, 2025/05/26, 06:57:43.376, 58812322764, vstest.console.dll, Occupied slots:

TpTrace Verbose: 0 : 2848, 10, 2025/05/26, 06:57:43.376, 58812322956, vstest.console.dll, ParallelRunEventsHandler.HandleTestRunComplete: Whole parallel run completed.
TpTrace Verbose: 0 : 2848, 4, 2025/05/26, 06:57:43.381, 58812371444, vstest.console.dll, MulticastDelegateUtilities.SafeInvoke: InternalTestLoggerEvents.SendTestRunComplete: Invoking callback 1/2 for Microsoft.VisualStudio.TestPlatform.CommandLine.Internal.ConsoleLogger., took 2 ms.
TpTrace Verbose: 0 : 2848, 4, 2025/05/26, 06:57:43.387, 58812433632, vstest.console.dll, MulticastDelegateUtilities.SafeInvoke: InternalTestLoggerEvents.SendTestRunComplete: Invoking callback 2/2 for Microsoft.VisualStudio.TestPlatform.CommandLine.Internal.MSBuildLogger., took 6 ms.
TpTrace Verbose: 0 : 2848, 10, 2025/05/26, 06:57:43.388, 58812436399, vstest.console.dll, TestRunRequest:TestRunComplete: Starting. IsAborted:False IsCanceled:False.
TpTrace Verbose: 0 : 2848, 10, 2025/05/26, 06:57:43.388, 58812437732, vstest.console.dll, ParallelOperationManager.DoActionOnAllManagers: Calling an action on all managers.
TpTrace Verbose: 0 : 2848, 10, 2025/05/26, 06:57:43.389, 58812448552, vstest.console.dll, TestLoggerManager.HandleTestRunComplete: Ignoring as the object is disposed.
TpTrace Verbose: 0 : 2848, 10, 2025/05/26, 06:57:43.389, 58812449277, vstest.console.dll, MulticastDelegateUtilities.SafeInvoke: TestRun.TestRunComplete: Invoking callback 1/2 for Microsoft.VisualStudio.TestPlatform.CommandLine.TestRunResultAggregator., took 0 ms.
TpTrace Verbose: 0 : 2848, 10, 2025/05/26, 06:57:43.389, 58812450401, vstest.console.dll, MulticastDelegateUtilities.SafeInvoke: TestRun.TestRunComplete: Invoking callback 2/2 for Microsoft.VisualStudio.TestPlatform.CommandLine.Processors.RunTestsArgumentExecutor+TestRunRequestEventsRegistrar., took 0 ms.
TpTrace Information: 0 : 2848, 10, 2025/05/26, 06:57:43.389, 58812451193, vstest.console.dll, TestRunRequest:TestRunComplete: Completed.
TpTrace Verbose: 0 : 2848, 1, 2025/05/26, 06:57:43.389, 58812451366, vstest.console.dll, TestRunRequest.Dispose: Starting.
TpTrace Verbose: 0 : 2848, 10, 2025/05/26, 06:57:43.389, 58812451531, vstest.console.dll, TestRequestSender.SetOperationComplete: Setting operation complete.
TpTrace Information: 0 : 2848, 1, 2025/05/26, 06:57:43.389, 58812451988, vstest.console.dll, TestRunRequest.Dispose: Completed.
TpTrace Information: 0 : 2848, 10, 2025/05/26, 06:57:43.389, 58812452496, vstest.console.dll, SocketServer.Stop: Stop server endPoint: 127.0.0.1:49186
TpTrace Information: 0 : 2848, 1, 2025/05/26, 06:57:43.389, 58812452930, vstest.console.dll, TestRequestManager.RunTests: run tests completed.
TpTrace Information: 0 : 2848, 10, 2025/05/26, 06:57:43.389, 58812453232, vstest.console.dll, SocketServer.Stop: Cancellation requested. Stopping message loop.
TpTrace Verbose: 0 : 2848, 10, 2025/05/26, 06:57:43.389, 58812453567, vstest.console.dll, MulticastDelegateUtilities.SafeInvoke: LengthPrefixCommunicationChannel: MessageReceived: Invoking callback 1/1 for Microsoft.VisualStudio.TestPlatform.CommunicationUtilities.TestRequestSender+<>c__DisplayClass34_0., took 46 ms.
TpTrace Information: 0 : 2848, 1, 2025/05/26, 06:57:43.389, 58812453576, vstest.console.dll, RunTestsArgumentProcessor:Execute: Test run is completed.
TpTrace Information: 0 : 2848, 10, 2025/05/26, 06:57:43.389, 58812454040, vstest.console.dll, SocketServer.PrivateStop: Stopping server endPoint: 127.0.0.1:49186 error: 
TpTrace Verbose: 0 : 2848, 1, 2025/05/26, 06:57:43.389, 58812455457, vstest.console.dll, Executor.Execute: Exiting with exit code of 0
TpTrace Verbose: 0 : 2848, 10, 2025/05/26, 06:57:43.390, 58812457405, vstest.console.dll, LengthPrefixCommunicationChannel.Dispose: Dispose reader and writer.
TpTrace Information: 0 : 2848, 10, 2025/05/26, 06:57:43.390, 58812458010, vstest.console.dll, SocketServer.Stop: Raise disconnected event endPoint: 127.0.0.1:49186 error: 
TpTrace Verbose: 0 : 2848, 10, 2025/05/26, 06:57:43.390, 58812458554, vstest.console.dll, TestRequestSender: OnTestRunAbort: Operation is already complete. Skip error message.
TpTrace Verbose: 0 : 2848, 10, 2025/05/26, 06:57:43.390, 58812458815, vstest.console.dll, MulticastDelegateUtilities.SafeInvoke: SocketServer: ClientDisconnected: Invoking callback 1/1 for Microsoft.VisualStudio.TestPlatform.CommunicationUtilities.TestRequestSender., took 0 ms.
TpTrace Verbose: 0 : 2848, 10, 2025/05/26, 06:57:43.390, 58812459069, vstest.console.dll, TcpClientExtensions.MessageLoopAsync: exiting MessageLoopAsync remoteEndPoint: 127.0.0.1:49187 localEndPoint: 127.0.0.1:49186
